<?xml version="1.0" encoding="UTF-8"?>
<TestRun id="e3347c58-6938-4b21-8b65-ed9e63953cc3" name="Administrator@USER-20140925PT 2014-12-01 22:09:35" runUser="USER-20140925PT\Administrator" xmlns="http://microsoft.com/schemas/VisualStudio/TeamTest/2010">
  <TestSettings name="本地测试运行" id="d2d3de89-ec2e-4c62-9313-adcfd4200b5d">
    <Description>这是本地测试运行的默认测试运行配置。</Description>
    <Deployment runDeploymentRoot="Administrator_USER-20140925PT 2014-12-01 22_09_35">
      <DeploymentItem filename="E:\vc_project\AppTool\AppTool\DLL\LitJson.dll" />
      <DeploymentItem filename="E:\vc_project\AppTool\AppTool\DLL\Ionic.Zip.dll" />
      <DeploymentItem filename="E:\vc_project\AppTool\packages\HtmlAgilityPack.1.4.9\lib\Net20\HtmlAgilityPack.dll" />
      <DeploymentItem filename="E:\vc_project\AppTool\AppTool\DLL\ICSharpCode.SharpZipLib.dll" />
      <DeploymentItem filename="E:\vc_project\AppTool\AppTool\DLL\ChnCharInfo.dll" />
      <DeploymentItem filename="E:\vc_project\AppTool\AppTool\DLL\Sybase.Data.AseClient.dll" />
      <DeploymentItem filename="E:\vc_project\AppTool\AppTool\DLL\Memcached.ClientLibrary.dll" />
      <DeploymentItem filename="E:\vc_project\AppTool\AppTool\DLL\log4net.dll" />
      <DeploymentItem filename="E:\vc_project\AppTool\AppTool\bin\Debug\AppTool.exe" />
      <DeploymentItem filename="E:\vc_project\AppTool\AppTool\DLL\Commons.dll" />
      <DeploymentItem filename="E:\vc_project\AppTool\AppTool\DLL\NPOI.dll" />
    </Deployment>
    <Execution>
      <TestTypeSpecific />
      <AgentRule name="Execution Agents">
      </AgentRule>
    </Execution>
  </TestSettings>
  <Times creation="2014-12-01T22:09:35.7343489+08:00" queuing="2014-12-01T22:09:40.5666253+08:00" start="2014-12-01T22:09:40.9176454+08:00" finish="2014-12-01T22:09:46.4229603+08:00" />
  <ResultSummary outcome="Failed">
    <Counters total="1" executed="1" error="0" failed="1" timeout="0" aborted="0" inconclusive="0" passedButRunAborted="0" notRunnable="0" notExecuted="0" disconnected="0" warning="0" passed="0" completed="0" inProgress="0" pending="0" />
    <RunInfos>
      <RunInfo computerName="USER-20140925PT" outcome="Warning" timestamp="2014-12-01T22:09:36.5743970+08:00">
        <Text>警告: 测试运行部署问题: 找不到程序集或模块“Interop.Microsoft.Office.Interop.Word”由 测试容器“e:\vc_project\apptool\apptest\bin\debug\apptest.exe” 直接或间接引用。</Text>
      </RunInfo>
    </RunInfos>
  </ResultSummary>
  <TestDefinitions>
    <UnitTest name="GetLocalDBOperatorTest" storage="e:\vc_project\apptool\apptest\bin\debug\apptest.exe" id="6fcb5051-804b-9bcf-7c4d-59b1fee8ca38">
      <Execution id="b790022f-2cfd-4c6f-86f6-eb9ccb25feb3" />
      <TestMethod codeBase="E:/vc_project/AppTool/apptest/bin/Debug/apptest.EXE" adapterTypeName="Microsoft.VisualStudio.TestTools.TestTypes.Unit.UnitTestAdapter, Microsoft.VisualStudio.QualityTools.Tips.UnitTest.Adapter, Version=10.0.0.0, Culture=neutral, PublicKeyToken=b03f5f7f11d50a3a" className="apptest.DBFactoryTest, apptest, Version=1.0.0.0, Culture=neutral, PublicKeyToken=null" name="GetLocalDBOperatorTest" />
    </UnitTest>
  </TestDefinitions>
  <TestLists>
    <TestList name="列表中未列出的结果" id="8c84fa94-04c1-424b-9868-57a2d4851a1d" />
    <TestList name="所有已加载的结果" id="19431567-8539-422a-85d7-44ee4e166bda" />
  </TestLists>
  <TestEntries>
    <TestEntry testId="6fcb5051-804b-9bcf-7c4d-59b1fee8ca38" executionId="b790022f-2cfd-4c6f-86f6-eb9ccb25feb3" testListId="8c84fa94-04c1-424b-9868-57a2d4851a1d" />
  </TestEntries>
  <Results>
    <UnitTestResult executionId="b790022f-2cfd-4c6f-86f6-eb9ccb25feb3" testId="6fcb5051-804b-9bcf-7c4d-59b1fee8ca38" testName="GetLocalDBOperatorTest" computerName="USER-20140925PT" duration="00:00:00.2367649" startTime="2014-12-01T22:09:41.2466642+08:00" endTime="2014-12-01T22:09:46.2479503+08:00" testType="13cdc9d9-ddb5-4fa4-a97d-d965ccfc6d4b" outcome="Failed" testListId="8c84fa94-04c1-424b-9868-57a2d4851a1d" relativeResultsDirectory="b790022f-2cfd-4c6f-86f6-eb9ccb25feb3">
      <Output>
        <ErrorInfo>
          <Message>测试方法 apptest.DBFactoryTest.GetLocalDBOperatorTest 引发了异常: 
System.BadImageFormatException: 未能加载文件或程序集“AppTool, Version=1.0.0.0, Culture=neutral, PublicKeyToken=null”或它的某一个依赖项。试图加载格式不正确的程序。</Message>
          <StackTrace>    在 apptest.DBFactoryTest.GetLocalDBOperatorTest()
</StackTrace>
        </ErrorInfo>
      </Output>
    </UnitTestResult>
  </Results>
</TestRun>